#! /usr/local/bin/vvp
:ivl_version "12.0 (devel)" "(s20150603-1166-g668f9850)";
:ivl_delay_selection "TYPICAL";
:vpi_time_precision + 0;
:vpi_module "/usr/local/lib/ivl/system.vpi";
:vpi_module "/usr/local/lib/ivl/vhdl_sys.vpi";
:vpi_module "/usr/local/lib/ivl/vhdl_textio.vpi";
:vpi_module "/usr/local/lib/ivl/v2005_math.vpi";
:vpi_module "/usr/local/lib/ivl/va_math.vpi";
:vpi_module "/usr/local/lib/ivl/v2009.vpi";
S_0x55d0049654a0 .scope package, "$unit" "$unit" 2 1;
 .timescale 0 0;
S_0x55d004963d90 .scope module, "Module" "Module" 3 5;
 .timescale 0 0;
    .port_info 0 /INPUT 1 "clock";
o0x7f2d99501198 .functor BUFZ 1, C4<z>; HiZ drive
v0x55d0049afdf0_0 .net "clock", 0 0, o0x7f2d99501198;  0 drivers
S_0x55d004963f20 .scope begin, "$unm_blk_2" "$unm_blk_2" 3 15, 3 15 0, S_0x55d004963d90;
 .timescale 0 0;
v0x55d004976250_0 .var "a", 0 0;
v0x55d004976670_0 .var "b", 1 0;
v0x55d0049af6f0_0 .var "c", 2 0;
v0x55d0049af7b0_0 .var "d", 5 0;
S_0x55d0049af890 .scope begin, "$unm_blk_3" "$unm_blk_3" 3 27, 3 27 0, S_0x55d004963d90;
 .timescale 0 0;
v0x55d0049afa90_0 .var "a", 7 0;
v0x55d0049afb70_0 .var "b", 7 0;
v0x55d0049afc50_0 .var "c", 7 0;
v0x55d0049afd10_0 .var "d", 5 0;
    .scope S_0x55d004963d90;
T_0 ;
    %vpi_call/w 3 12 "$write", "Hello World?\012" {0 0 0};
    %end;
    .thread T_0;
    .scope S_0x55d004963d90;
T_1 ;
    %wait E_0x0;
    %fork t_1, S_0x55d004963f20;
    %jmp t_0;
    .scope S_0x55d004963f20;
t_1 ;
    %pushi/vec4 1, 0, 1;
    %store/vec4 v0x55d004976250_0, 0, 1;
    %pushi/vec4 2, 0, 2;
    %store/vec4 v0x55d004976670_0, 0, 2;
    %pushi/vec4 3, 0, 3;
    %store/vec4 v0x55d0049af6f0_0, 0, 3;
    %load/vec4 v0x55d004976250_0;
    %load/vec4 v0x55d004976670_0;
    %concat/vec4; draw_concat_vec4
    %load/vec4 v0x55d0049af6f0_0;
    %concat/vec4; draw_concat_vec4
    %store/vec4 v0x55d0049af7b0_0, 0, 6;
    %end;
    .scope S_0x55d004963d90;
t_0 %join;
    %jmp T_1;
    .thread T_1;
    .scope S_0x55d004963d90;
T_2 ;
    %wait E_0x0;
    %fork t_3, S_0x55d0049af890;
    %jmp t_2;
    .scope S_0x55d0049af890;
t_3 ;
    %pushi/vec4 1, 0, 8;
    %store/vec4 v0x55d0049afa90_0, 0, 8;
    %pushi/vec4 2, 0, 8;
    %store/vec4 v0x55d0049afb70_0, 0, 8;
    %pushi/vec4 3, 0, 8;
    %store/vec4 v0x55d0049afc50_0, 0, 8;
    %load/vec4 v0x55d0049afa90_0;
    %pad/u 1;
    %load/vec4 v0x55d0049afb70_0;
    %pad/u 2;
    %concat/vec4; draw_concat_vec4
    %load/vec4 v0x55d0049afc50_0;
    %pad/u 3;
    %concat/vec4; draw_concat_vec4
    %store/vec4 v0x55d0049afd10_0, 0, 6;
    %end;
    .scope S_0x55d004963d90;
t_2 %join;
    %jmp T_2;
    .thread T_2;
# The file index is used to find the file name in the following table.
:file_names 4;
    "N/A";
    "<interactive>";
    "-";
    "bit_concat.sv";
