#! /usr/local/bin/vvp
:ivl_version "12.0 (devel)" "(s20150603-1166-g668f9850)";
:ivl_delay_selection "TYPICAL";
:vpi_time_precision + 0;
:vpi_module "/usr/local/lib/ivl/system.vpi";
:vpi_module "/usr/local/lib/ivl/vhdl_sys.vpi";
:vpi_module "/usr/local/lib/ivl/vhdl_textio.vpi";
:vpi_module "/usr/local/lib/ivl/v2005_math.vpi";
:vpi_module "/usr/local/lib/ivl/va_math.vpi";
:vpi_module "/usr/local/lib/ivl/v2009.vpi";
S_0x5642802f84a0 .scope package, "$unit" "$unit" 2 1;
 .timescale 0 0;
S_0x5642802f6df0 .scope module, "Module" "Module" 3 13;
 .timescale 0 0;
    .port_info 0 /INPUT 1 "clock";
    .port_info 1 /OUTPUT 8 "tock";
o0x7fbee14a9018 .functor BUFZ 1, C4<z>; HiZ drive
v0x564280309670_0 .net "clock", 0 0, o0x7fbee14a9018;  0 drivers
v0x564280340360_0 .var "my_reg", 7 0;
v0x564280340440_0 .var "tock", 7 0;
E_0x56428032fb90 .event anyedge, v0x564280340360_0;
    .scope S_0x5642802f6df0;
T_0 ;
    %pushi/vec4 7, 0, 8;
    %store/vec4 v0x564280340360_0, 0, 8;
    %end;
    .thread T_0;
    .scope S_0x5642802f6df0;
T_1 ;
Ewait_0 .event/or E_0x56428032fb90, E_0x0;
    %wait Ewait_0;
    %load/vec4 v0x564280340360_0;
    %store/vec4 v0x564280340440_0, 0, 8;
    %jmp T_1;
    .thread T_1, $push;
    .scope S_0x5642802f6df0;
T_2 ;
    %delay 1, 0;
    %load/vec4 v0x564280340360_0;
    %pad/u 32;
    %cmpi/ne 5, 0, 32;
    %jmp/0xz  T_2.0, 4;
    %vpi_call/w 3 33 "$display", "FAIL", v0x564280340360_0, 32'sb00000000000000000000000000000101 {0 0 0};
T_2.0 ;
    %end;
    .thread T_2;
    .scope S_0x5642802f6df0;
T_3 ;
    %delay 1, 0;
    %load/vec4 v0x564280340360_0;
    %pad/u 32;
    %cmpi/ne 6, 0, 32;
    %jmp/0xz  T_3.0, 4;
    %vpi_call/w 3 34 "$display", "FAIL", v0x564280340360_0, 32'sb00000000000000000000000000000110 {0 0 0};
T_3.0 ;
    %end;
    .thread T_3;
    .scope S_0x5642802f6df0;
T_4 ;
    %delay 1, 0;
    %load/vec4 v0x564280340360_0;
    %pad/u 32;
    %cmpi/ne 7, 0, 32;
    %jmp/0xz  T_4.0, 4;
    %vpi_call/w 3 35 "$display", "FAIL", v0x564280340360_0, 32'sb00000000000000000000000000000111 {0 0 0};
T_4.0 ;
    %end;
    .thread T_4;
    .scope S_0x5642802f6df0;
T_5 ;
    %delay 1, 0;
    %load/vec4 v0x564280340360_0;
    %pad/u 32;
    %cmpi/ne 8, 0, 32;
    %jmp/0xz  T_5.0, 4;
    %vpi_call/w 3 36 "$display", "FAIL", v0x564280340360_0, 32'sb00000000000000000000000000001000 {0 0 0};
T_5.0 ;
    %end;
    .thread T_5;
# The file index is used to find the file name in the following table.
:file_names 4;
    "N/A";
    "<interactive>";
    "-";
    "basic_constructor.sv";
